[2026-10-07 13:53:24,252] INFO [djangoblog.plugin_manage.base_plugin.init_plugin:48 base_plugin] 文章结尾版权声明 initialized.
[2026-10-07 13:53:24,252] INFO [djangoblog.plugin_manage.base_plugin.init_plugin:48 base_plugin] 文章结尾版权声明 initialized.
[2026-10-07 13:53:24,254] INFO [djangoblog.plugin_manage.loader.load_plugins:29 loader] Successfully loaded plugin: article_copyright - 文章结尾版权声明
[2026-10-07 13:53:24,254] INFO [djangoblog.plugin_manage.loader.load_plugins:29 loader] Successfully loaded plugin: article_copyright - 文章结尾版权声明
[2026-10-07 13:53:24,271] INFO [djangoblog.plugin_manage.base_plugin.init_plugin:48 base_plugin] 阅读时间预测 initialized.
[2026-10-07 13:53:24,271] INFO [djangoblog.plugin_manage.base_plugin.init_plugin:48 base_plugin] 阅读时间预测 initialized.
[2026-10-07 13:53:24,271] INFO [djangoblog.plugin_manage.loader.load_plugins:29 loader] Successfully loaded plugin: reading_time - 阅读时间预测
[2026-10-07 13:53:24,271] INFO [djangoblog.plugin_manage.loader.load_plugins:29 loader] Successfully loaded plugin: reading_time - 阅读时间预测
[2026-10-07 13:53:24,284] INFO [djangoblog.plugin_manage.base_plugin.init_plugin:48 base_plugin] 外部链接处理器 initialized.
[2026-10-07 13:53:24,284] INFO [djangoblog.plugin_manage.base_plugin.init_plugin:48 base_plugin] 外部链接处理器 initialized.
[2026-10-07 13:53:24,284] INFO [djangoblog.plugin_manage.loader.load_plugins:29 loader] Successfully loaded plugin: external_links - 外部链接处理器
[2026-10-07 13:53:24,284] INFO [djangoblog.plugin_manage.loader.load_plugins:29 loader] Successfully loaded plugin: external_links - 外部链接处理器
[2026-10-07 13:53:24,307] INFO [djangoblog.plugin_manage.base_plugin.init_plugin:48 base_plugin] 文章浏览次数统计 initialized.
[2026-10-07 13:53:24,307] INFO [djangoblog.plugin_manage.base_plugin.init_plugin:48 base_plugin] 文章浏览次数统计 initialized.
[2026-10-07 13:53:24,307] INFO [djangoblog.plugin_manage.loader.load_plugins:29 loader] Successfully loaded plugin: view_count - 文章浏览次数统计
[2026-10-07 13:53:24,307] INFO [djangoblog.plugin_manage.loader.load_plugins:29 loader] Successfully loaded plugin: view_count - 文章浏览次数统计
[2026-10-07 13:53:24,334] INFO [djangoblog.plugin_manage.base_plugin.init_plugin:48 base_plugin] SEO 优化器 initialized.
[2026-10-07 13:53:24,334] INFO [djangoblog.plugin_manage.base_plugin.init_plugin:48 base_plugin] SEO 优化器 initialized.
[2026-10-07 13:53:24,334] INFO [djangoblog.plugin_manage.loader.load_plugins:29 loader] Successfully loaded plugin: seo_optimizer - SEO 优化器
[2026-10-07 13:53:24,334] INFO [djangoblog.plugin_manage.loader.load_plugins:29 loader] Successfully loaded plugin: seo_optimizer - SEO 优化器
[2026-10-07 13:53:24,357] INFO [djangoblog.plugin_manage.base_plugin.init_plugin:48 base_plugin] 图片性能优化插件 initialized.
[2026-10-07 13:53:24,357] INFO [djangoblog.plugin_manage.base_plugin.init_plugin:48 base_plugin] 图片性能优化插件 initialized.
[2026-10-07 13:53:24,357] INFO [djangoblog.plugin_manage.loader.load_plugins:29 loader] Successfully loaded plugin: image_lazy_loading - 图片性能优化插件
[2026-10-07 13:53:24,357] INFO [djangoblog.plugin_manage.loader.load_plugins:29 loader] Successfully loaded plugin: image_lazy_loading - 图片性能优化插件
[2026-10-07 13:53:24,378] INFO [djangoblog.plugin_manage.base_plugin.init_plugin:48 base_plugin] 文章推荐 initialized.
[2026-10-07 13:53:24,378] INFO [djangoblog.plugin_manage.base_plugin.init_plugin:48 base_plugin] 文章推荐 initialized.
[2026-10-07 13:53:24,378] INFO [djangoblog.plugin_manage.loader.load_plugins:29 loader] Successfully loaded plugin: article_recommendation - 文章推荐
[2026-10-07 13:53:24,378] INFO [djangoblog.plugin_manage.loader.load_plugins:29 loader] Successfully loaded plugin: article_recommendation - 文章推荐
[2026-10-07 13:53:24,402] INFO [plugins.cloudflare_cache.plugin.init_plugin:68 plugin] Initializing Cloudflare 缓存管理 v1.0.0
[2026-10-07 13:53:24,402] ERROR [plugins.cloudflare_cache.plugin._validate_config:104 plugin] [CF Plugin] CLOUDFLARE_ZONE_ID not configured
[2026-10-07 13:53:24,402] INFO [plugins.cloudflare_cache.plugin._validate_config:105 plugin] [CF Plugin] Please set environment variable: CLOUDFLARE_ZONE_ID
[2026-10-07 13:53:24,402] WARNING [plugins.cloudflare_cache.plugin.init_plugin:80 plugin] [CF Plugin] Plugin disabled due to invalid configuration
[2026-10-07 13:53:24,403] INFO [plugins.cloudflare_cache.plugin.register_hooks:184 plugin] [CF Plugin] Plugin is disabled, skipping hook registration
[2026-10-07 13:53:24,403] INFO [djangoblog.plugin_manage.loader.load_plugins:29 loader] Successfully loaded plugin: cloudflare_cache - Cloudflare 缓存管理
[2026-10-07 13:53:24,403] INFO [djangoblog.plugin_manage.loader.load_plugins:29 loader] Successfully loaded plugin: cloudflare_cache - Cloudflare 缓存管理
[2026-10-07 13:53:25,868] INFO [djangoblog.plugin_manage.base_plugin.init_plugin:48 base_plugin] 文章结尾版权声明 initialized.
[2026-10-07 13:53:25,868] INFO [djangoblog.plugin_manage.base_plugin.init_plugin:48 base_plugin] 文章结尾版权声明 initialized.
[2026-10-07 13:53:25,869] INFO [djangoblog.plugin_manage.loader.load_plugins:29 loader] Successfully loaded plugin: article_copyright - 文章结尾版权声明
[2026-10-07 13:53:25,869] INFO [djangoblog.plugin_manage.loader.load_plugins:29 loader] Successfully loaded plugin: article_copyright - 文章结尾版权声明
[2026-10-07 13:53:25,875] INFO [djangoblog.plugin_manage.base_plugin.init_plugin:48 base_plugin] 阅读时间预测 initialized.
[2026-10-07 13:53:25,875] INFO [djangoblog.plugin_manage.base_plugin.init_plugin:48 base_plugin] 阅读时间预测 initialized.
[2026-10-07 13:53:25,876] INFO [djangoblog.plugin_manage.loader.load_plugins:29 loader] Successfully loaded plugin: reading_time - 阅读时间预测
[2026-10-07 13:53:25,876] INFO [djangoblog.plugin_manage.loader.load_plugins:29 loader] Successfully loaded plugin: reading_time - 阅读时间预测
[2026-10-07 13:53:25,880] INFO [djangoblog.plugin_manage.base_plugin.init_plugin:48 base_plugin] 外部链接处理器 initialized.
[2026-10-07 13:53:25,880] INFO [djangoblog.plugin_manage.base_plugin.init_plugin:48 base_plugin] 外部链接处理器 initialized.
[2026-10-07 13:53:25,880] INFO [djangoblog.plugin_manage.loader.load_plugins:29 loader] Successfully loaded plugin: external_links - 外部链接处理器
[2026-10-07 13:53:25,880] INFO [djangoblog.plugin_manage.loader.load_plugins:29 loader] Successfully loaded plugin: external_links - 外部链接处理器
[2026-10-07 13:53:25,883] INFO [djangoblog.plugin_manage.base_plugin.init_plugin:48 base_plugin] 文章浏览次数统计 initialized.
[2026-10-07 13:53:25,883] INFO [djangoblog.plugin_manage.base_plugin.init_plugin:48 base_plugin] 文章浏览次数统计 initialized.
[2026-10-07 13:53:25,884] INFO [djangoblog.plugin_manage.loader.load_plugins:29 loader] Successfully loaded plugin: view_count - 文章浏览次数统计
[2026-10-07 13:53:25,884] INFO [djangoblog.plugin_manage.loader.load_plugins:29 loader] Successfully loaded plugin: view_count - 文章浏览次数统计
[2026-10-07 13:53:25,888] INFO [djangoblog.plugin_manage.base_plugin.init_plugin:48 base_plugin] SEO 优化器 initialized.
[2026-10-07 13:53:25,888] INFO [djangoblog.plugin_manage.base_plugin.init_plugin:48 base_plugin] SEO 优化器 initialized.
[2026-10-07 13:53:25,889] INFO [djangoblog.plugin_manage.loader.load_plugins:29 loader] Successfully loaded plugin: seo_optimizer - SEO 优化器
[2026-10-07 13:53:25,889] INFO [djangoblog.plugin_manage.loader.load_plugins:29 loader] Successfully loaded plugin: seo_optimizer - SEO 优化器
[2026-10-07 13:53:25,893] INFO [djangoblog.plugin_manage.base_plugin.init_plugin:48 base_plugin] 图片性能优化插件 initialized.
[2026-10-07 13:53:25,893] INFO [djangoblog.plugin_manage.base_plugin.init_plugin:48 base_plugin] 图片性能优化插件 initialized.
[2026-10-07 13:53:25,893] INFO [djangoblog.plugin_manage.loader.load_plugins:29 loader] Successfully loaded plugin: image_lazy_loading - 图片性能优化插件
[2026-10-07 13:53:25,893] INFO [djangoblog.plugin_manage.loader.load_plugins:29 loader] Successfully loaded plugin: image_lazy_loading - 图片性能优化插件
[2026-10-07 13:53:25,898] INFO [djangoblog.plugin_manage.base_plugin.init_plugin:48 base_plugin] 文章推荐 initialized.
[2026-10-07 13:53:25,898] INFO [djangoblog.plugin_manage.base_plugin.init_plugin:48 base_plugin] 文章推荐 initialized.
[2026-10-07 13:53:25,898] INFO [djangoblog.plugin_manage.loader.load_plugins:29 loader] Successfully loaded plugin: article_recommendation - 文章推荐
[2026-10-07 13:53:25,898] INFO [djangoblog.plugin_manage.loader.load_plugins:29 loader] Successfully loaded plugin: article_recommendation - 文章推荐
[2026-10-07 13:53:25,903] INFO [plugins.cloudflare_cache.plugin.init_plugin:68 plugin] Initializing Cloudflare 缓存管理 v1.0.0
[2026-10-07 13:53:25,903] ERROR [plugins.cloudflare_cache.plugin._validate_config:104 plugin] [CF Plugin] CLOUDFLARE_ZONE_ID not configured
[2026-10-07 13:53:25,903] INFO [plugins.cloudflare_cache.plugin._validate_config:105 plugin] [CF Plugin] Please set environment variable: CLOUDFLARE_ZONE_ID
[2026-10-07 13:53:25,903] WARNING [plugins.cloudflare_cache.plugin.init_plugin:80 plugin] [CF Plugin] Plugin disabled due to invalid configuration
[2026-10-07 13:53:25,903] INFO [plugins.cloudflare_cache.plugin.register_hooks:184 plugin] [CF Plugin] Plugin is disabled, skipping hook registration
[2026-10-07 13:53:25,903] INFO [djangoblog.plugin_manage.loader.load_plugins:29 loader] Successfully loaded plugin: cloudflare_cache - Cloudflare 缓存管理
[2026-10-07 13:53:25,903] INFO [djangoblog.plugin_manage.loader.load_plugins:29 loader] Successfully loaded plugin: cloudflare_cache - Cloudflare 缓存管理
[2026-10-07 13:53:25,939] INFO [django.utils.autoreload.run_with_reloader:667 autoreload] Watching for file changes with StatReloader
[2026-10-07 13:53:32,903] INFO [djangoblog.mixins.get_queryset_from_cache:218 mixins] Cache MISS: index_1
[2026-10-07 13:53:32,903] INFO [djangoblog.mixins.get_queryset_from_cache:218 mixins] Cache MISS: index_1
[2026-10-07 13:53:32,919] INFO [djangoblog.utils.get_blog_setting:173 utils] set cache get_blog_setting
[2026-10-07 13:53:32,919] INFO [djangoblog.utils.get_blog_setting:173 utils] set cache get_blog_setting
[2026-10-07 13:53:32,945] INFO [blog.context_processors.seo_processor:20 context_processors] set processor cache.
[2026-10-07 13:53:32,979] INFO [blog.templatetags.vite_tags.load_manifest:50 vite_tags] ✅ Vite manifest loaded from: E:\projects\DjangoBlog-master\DjangoBlog-master\blog/static/blog/dist/.vite/manifest.json
[2026-10-07 13:53:33,222] INFO [blog.templatetags.blog_tags.load_sidebar:262 blog_tags] load sidebar
[2026-10-07 13:53:33,280] INFO [blog.templatetags.blog_tags.load_sidebar:321 blog_tags] set sidebar cache.key:sidebarp
[2026-10-07 13:53:34,727] WARNING [django.request.log_response:253 log] Not Found: /favicon.ico
[2026-10-07 14:15:48,608] INFO [djangoblog.plugin_manage.base_plugin.init_plugin:48 base_plugin] 文章结尾版权声明 initialized.
[2026-10-07 14:15:48,608] INFO [djangoblog.plugin_manage.base_plugin.init_plugin:48 base_plugin] 文章结尾版权声明 initialized.
[2026-10-07 14:15:48,608] INFO [djangoblog.plugin_manage.loader.load_plugins:29 loader] Successfully loaded plugin: article_copyright - 文章结尾版权声明
[2026-10-07 14:15:48,608] INFO [djangoblog.plugin_manage.loader.load_plugins:29 loader] Successfully loaded plugin: article_copyright - 文章结尾版权声明
[2026-10-07 14:15:48,613] INFO [djangoblog.plugin_manage.base_plugin.init_plugin:48 base_plugin] 阅读时间预测 initialized.
[2026-10-07 14:15:48,613] INFO [djangoblog.plugin_manage.base_plugin.init_plugin:48 base_plugin] 阅读时间预测 initialized.
[2026-10-07 14:15:48,613] INFO [djangoblog.plugin_manage.loader.load_plugins:29 loader] Successfully loaded plugin: reading_time - 阅读时间预测
[2026-10-07 14:15:48,613] INFO [djangoblog.plugin_manage.loader.load_plugins:29 loader] Successfully loaded plugin: reading_time - 阅读时间预测
[2026-10-07 14:15:48,618] INFO [djangoblog.plugin_manage.base_plugin.init_plugin:48 base_plugin] 外部链接处理器 initialized.
[2026-10-07 14:15:48,618] INFO [djangoblog.plugin_manage.base_plugin.init_plugin:48 base_plugin] 外部链接处理器 initialized.
[2026-10-07 14:15:48,618] INFO [djangoblog.plugin_manage.loader.load_plugins:29 loader] Successfully loaded plugin: external_links - 外部链接处理器
[2026-10-07 14:15:48,618] INFO [djangoblog.plugin_manage.loader.load_plugins:29 loader] Successfully loaded plugin: external_links - 外部链接处理器
[2026-10-07 14:15:48,623] INFO [djangoblog.plugin_manage.base_plugin.init_plugin:48 base_plugin] 文章浏览次数统计 initialized.
[2026-10-07 14:15:48,623] INFO [djangoblog.plugin_manage.base_plugin.init_plugin:48 base_plugin] 文章浏览次数统计 initialized.
[2026-10-07 14:15:48,623] INFO [djangoblog.plugin_manage.loader.load_plugins:29 loader] Successfully loaded plugin: view_count - 文章浏览次数统计
[2026-10-07 14:15:48,623] INFO [djangoblog.plugin_manage.loader.load_plugins:29 loader] Successfully loaded plugin: view_count - 文章浏览次数统计
[2026-10-07 14:15:48,629] INFO [djangoblog.plugin_manage.base_plugin.init_plugin:48 base_plugin] SEO 优化器 initialized.
[2026-10-07 14:15:48,629] INFO [djangoblog.plugin_manage.base_plugin.init_plugin:48 base_plugin] SEO 优化器 initialized.
[2026-10-07 14:15:48,629] INFO [djangoblog.plugin_manage.loader.load_plugins:29 loader] Successfully loaded plugin: seo_optimizer - SEO 优化器
[2026-10-07 14:15:48,629] INFO [djangoblog.plugin_manage.loader.load_plugins:29 loader] Successfully loaded plugin: seo_optimizer - SEO 优化器
[2026-10-07 14:15:48,635] INFO [djangoblog.plugin_manage.base_plugin.init_plugin:48 base_plugin] 图片性能优化插件 initialized.
[2026-10-07 14:15:48,635] INFO [djangoblog.plugin_manage.base_plugin.init_plugin:48 base_plugin] 图片性能优化插件 initialized.
[2026-10-07 14:15:48,635] INFO [djangoblog.plugin_manage.loader.load_plugins:29 loader] Successfully loaded plugin: image_lazy_loading - 图片性能优化插件
[2026-10-07 14:15:48,635] INFO [djangoblog.plugin_manage.loader.load_plugins:29 loader] Successfully loaded plugin: image_lazy_loading - 图片性能优化插件
[2026-10-07 14:15:48,640] INFO [djangoblog.plugin_manage.base_plugin.init_plugin:48 base_plugin] 文章推荐 initialized.
[2026-10-07 14:15:48,640] INFO [djangoblog.plugin_manage.base_plugin.init_plugin:48 base_plugin] 文章推荐 initialized.
[2026-10-07 14:15:48,640] INFO [djangoblog.plugin_manage.loader.load_plugins:29 loader] Successfully loaded plugin: article_recommendation - 文章推荐
[2026-10-07 14:15:48,640] INFO [djangoblog.plugin_manage.loader.load_plugins:29 loader] Successfully loaded plugin: article_recommendation - 文章推荐
[2026-10-07 14:15:48,646] INFO [plugins.cloudflare_cache.plugin.init_plugin:68 plugin] Initializing Cloudflare 缓存管理 v1.0.0
[2026-10-07 14:15:48,646] ERROR [plugins.cloudflare_cache.plugin._validate_config:104 plugin] [CF Plugin] CLOUDFLARE_ZONE_ID not configured
[2026-10-07 14:15:48,646] INFO [plugins.cloudflare_cache.plugin._validate_config:105 plugin] [CF Plugin] Please set environment variable: CLOUDFLARE_ZONE_ID
[2026-10-07 14:15:48,646] WARNING [plugins.cloudflare_cache.plugin.init_plugin:80 plugin] [CF Plugin] Plugin disabled due to invalid configuration
[2026-10-07 14:15:48,646] INFO [plugins.cloudflare_cache.plugin.register_hooks:184 plugin] [CF Plugin] Plugin is disabled, skipping hook registration
[2026-10-07 14:15:48,646] INFO [djangoblog.plugin_manage.loader.load_plugins:29 loader] Successfully loaded plugin: cloudflare_cache - Cloudflare 缓存管理
[2026-10-07 14:15:48,646] INFO [djangoblog.plugin_manage.loader.load_plugins:29 loader] Successfully loaded plugin: cloudflare_cache - Cloudflare 缓存管理
[2026-10-07 14:25:41,888] INFO [djangoblog.plugin_manage.base_plugin.init_plugin:48 base_plugin] 文章结尾版权声明 initialized.
[2026-10-07 14:25:41,888] INFO [djangoblog.plugin_manage.base_plugin.init_plugin:48 base_plugin] 文章结尾版权声明 initialized.
[2026-10-07 14:25:41,889] INFO [djangoblog.plugin_manage.loader.load_plugins:29 loader] Successfully loaded plugin: article_copyright - 文章结尾版权声明
[2026-10-07 14:25:41,889] INFO [djangoblog.plugin_manage.loader.load_plugins:29 loader] Successfully loaded plugin: article_copyright - 文章结尾版权声明
[2026-10-07 14:25:41,890] INFO [djangoblog.plugin_manage.base_plugin.init_plugin:48 base_plugin] 阅读时间预测 initialized.
[2026-10-07 14:25:41,890] INFO [djangoblog.plugin_manage.base_plugin.init_plugin:48 base_plugin] 阅读时间预测 initialized.
[2026-10-07 14:25:41,891] INFO [djangoblog.plugin_manage.loader.load_plugins:29 loader] Successfully loaded plugin: reading_time - 阅读时间预测
[2026-10-07 14:25:41,891] INFO [djangoblog.plugin_manage.loader.load_plugins:29 loader] Successfully loaded plugin: reading_time - 阅读时间预测
[2026-10-07 14:25:41,892] INFO [djangoblog.plugin_manage.base_plugin.init_plugin:48 base_plugin] 外部链接处理器 initialized.
[2026-10-07 14:25:41,892] INFO [djangoblog.plugin_manage.base_plugin.init_plugin:48 base_plugin] 外部链接处理器 initialized.
[2026-10-07 14:25:41,892] INFO [djangoblog.plugin_manage.loader.load_plugins:29 loader] Successfully loaded plugin: external_links - 外部链接处理器
[2026-10-07 14:25:41,892] INFO [djangoblog.plugin_manage.loader.load_plugins:29 loader] Successfully loaded plugin: external_links - 外部链接处理器
[2026-10-07 14:25:41,894] INFO [djangoblog.plugin_manage.base_plugin.init_plugin:48 base_plugin] 文章浏览次数统计 initialized.
[2026-10-07 14:25:41,894] INFO [djangoblog.plugin_manage.base_plugin.init_plugin:48 base_plugin] 文章浏览次数统计 initialized.
[2026-10-07 14:25:41,894] INFO [djangoblog.plugin_manage.loader.load_plugins:29 loader] Successfully loaded plugin: view_count - 文章浏览次数统计
[2026-10-07 14:25:41,894] INFO [djangoblog.plugin_manage.loader.load_plugins:29 loader] Successfully loaded plugin: view_count - 文章浏览次数统计
[2026-10-07 14:25:41,896] INFO [djangoblog.plugin_manage.base_plugin.init_plugin:48 base_plugin] SEO 优化器 initialized.
[2026-10-07 14:25:41,896] INFO [djangoblog.plugin_manage.base_plugin.init_plugin:48 base_plugin] SEO 优化器 initialized.
[2026-10-07 14:25:41,896] INFO [djangoblog.plugin_manage.loader.load_plugins:29 loader] Successfully loaded plugin: seo_optimizer - SEO 优化器
[2026-10-07 14:25:41,896] INFO [djangoblog.plugin_manage.loader.load_plugins:29 loader] Successfully loaded plugin: seo_optimizer - SEO 优化器
[2026-10-07 14:25:41,897] INFO [djangoblog.plugin_manage.base_plugin.init_plugin:48 base_plugin] 图片性能优化插件 initialized.
[2026-10-07 14:25:41,897] INFO [djangoblog.plugin_manage.base_plugin.init_plugin:48 base_plugin] 图片性能优化插件 initialized.
[2026-10-07 14:25:41,898] INFO [djangoblog.plugin_manage.loader.load_plugins:29 loader] Successfully loaded plugin: image_lazy_loading - 图片性能优化插件
[2026-10-07 14:25:41,898] INFO [djangoblog.plugin_manage.loader.load_plugins:29 loader] Successfully loaded plugin: image_lazy_loading - 图片性能优化插件
[2026-10-07 14:25:41,899] INFO [djangoblog.plugin_manage.base_plugin.init_plugin:48 base_plugin] 文章推荐 initialized.
[2026-10-07 14:25:41,899] INFO [djangoblog.plugin_manage.base_plugin.init_plugin:48 base_plugin] 文章推荐 initialized.
[2026-10-07 14:25:41,899] INFO [djangoblog.plugin_manage.loader.load_plugins:29 loader] Successfully loaded plugin: article_recommendation - 文章推荐
[2026-10-07 14:25:41,899] INFO [djangoblog.plugin_manage.loader.load_plugins:29 loader] Successfully loaded plugin: article_recommendation - 文章推荐
[2026-10-07 14:25:41,901] INFO [plugins.cloudflare_cache.plugin.init_plugin:68 plugin] Initializing Cloudflare 缓存管理 v1.0.0
[2026-10-07 14:25:41,901] ERROR [plugins.cloudflare_cache.plugin._validate_config:104 plugin] [CF Plugin] CLOUDFLARE_ZONE_ID not configured
[2026-10-07 14:25:41,901] INFO [plugins.cloudflare_cache.plugin._validate_config:105 plugin] [CF Plugin] Please set environment variable: CLOUDFLARE_ZONE_ID
[2026-10-07 14:25:41,901] WARNING [plugins.cloudflare_cache.plugin.init_plugin:80 plugin] [CF Plugin] Plugin disabled due to invalid configuration
[2026-10-07 14:25:41,901] INFO [plugins.cloudflare_cache.plugin.register_hooks:184 plugin] [CF Plugin] Plugin is disabled, skipping hook registration
[2026-10-07 14:25:41,901] INFO [djangoblog.plugin_manage.loader.load_plugins:29 loader] Successfully loaded plugin: cloudflare_cache - Cloudflare 缓存管理
[2026-10-07 14:25:41,901] INFO [djangoblog.plugin_manage.loader.load_plugins:29 loader] Successfully loaded plugin: cloudflare_cache - Cloudflare 缓存管理
[2026-10-07 14:25:42,541] INFO [djangoblog.plugin_manage.base_plugin.init_plugin:48 base_plugin] 文章结尾版权声明 initialized.
[2026-10-07 14:25:42,541] INFO [djangoblog.plugin_manage.base_plugin.init_plugin:48 base_plugin] 文章结尾版权声明 initialized.
[2026-10-07 14:25:42,541] INFO [djangoblog.plugin_manage.loader.load_plugins:29 loader] Successfully loaded plugin: article_copyright - 文章结尾版权声明
[2026-10-07 14:25:42,541] INFO [djangoblog.plugin_manage.loader.load_plugins:29 loader] Successfully loaded plugin: article_copyright - 文章结尾版权声明
[2026-10-07 14:25:42,542] INFO [djangoblog.plugin_manage.base_plugin.init_plugin:48 base_plugin] 阅读时间预测 initialized.
[2026-10-07 14:25:42,542] INFO [djangoblog.plugin_manage.base_plugin.init_plugin:48 base_plugin] 阅读时间预测 initialized.
[2026-10-07 14:25:42,543] INFO [djangoblog.plugin_manage.loader.load_plugins:29 loader] Successfully loaded plugin: reading_time - 阅读时间预测
[2026-10-07 14:25:42,543] INFO [djangoblog.plugin_manage.loader.load_plugins:29 loader] Successfully loaded plugin: reading_time - 阅读时间预测
[2026-10-07 14:25:42,544] INFO [djangoblog.plugin_manage.base_plugin.init_plugin:48 base_plugin] 外部链接处理器 initialized.
[2026-10-07 14:25:42,544] INFO [djangoblog.plugin_manage.base_plugin.init_plugin:48 base_plugin] 外部链接处理器 initialized.
[2026-10-07 14:25:42,545] INFO [djangoblog.plugin_manage.loader.load_plugins:29 loader] Successfully loaded plugin: external_links - 外部链接处理器
[2026-10-07 14:25:42,545] INFO [djangoblog.plugin_manage.loader.load_plugins:29 loader] Successfully loaded plugin: external_links - 外部链接处理器
[2026-10-07 14:25:42,546] INFO [djangoblog.plugin_manage.base_plugin.init_plugin:48 base_plugin] 文章浏览次数统计 initialized.
[2026-10-07 14:25:42,546] INFO [djangoblog.plugin_manage.base_plugin.init_plugin:48 base_plugin] 文章浏览次数统计 initialized.
[2026-10-07 14:25:42,547] INFO [djangoblog.plugin_manage.loader.load_plugins:29 loader] Successfully loaded plugin: view_count - 文章浏览次数统计
[2026-10-07 14:25:42,547] INFO [djangoblog.plugin_manage.loader.load_plugins:29 loader] Successfully loaded plugin: view_count - 文章浏览次数统计
[2026-10-07 14:25:42,548] INFO [djangoblog.plugin_manage.base_plugin.init_plugin:48 base_plugin] SEO 优化器 initialized.
[2026-10-07 14:25:42,548] INFO [djangoblog.plugin_manage.base_plugin.init_plugin:48 base_plugin] SEO 优化器 initialized.
[2026-10-07 14:25:42,548] INFO [djangoblog.plugin_manage.loader.load_plugins:29 loader] Successfully loaded plugin: seo_optimizer - SEO 优化器
[2026-10-07 14:25:42,548] INFO [djangoblog.plugin_manage.loader.load_plugins:29 loader] Successfully loaded plugin: seo_optimizer - SEO 优化器
[2026-10-07 14:25:42,549] INFO [djangoblog.plugin_manage.base_plugin.init_plugin:48 base_plugin] 图片性能优化插件 initialized.
[2026-10-07 14:25:42,549] INFO [djangoblog.plugin_manage.base_plugin.init_plugin:48 base_plugin] 图片性能优化插件 initialized.
[2026-10-07 14:25:42,550] INFO [djangoblog.plugin_manage.loader.load_plugins:29 loader] Successfully loaded plugin: image_lazy_loading - 图片性能优化插件
[2026-10-07 14:25:42,550] INFO [djangoblog.plugin_manage.loader.load_plugins:29 loader] Successfully loaded plugin: image_lazy_loading - 图片性能优化插件
[2026-10-07 14:25:42,551] INFO [djangoblog.plugin_manage.base_plugin.init_plugin:48 base_plugin] 文章推荐 initialized.
[2026-10-07 14:25:42,551] INFO [djangoblog.plugin_manage.base_plugin.init_plugin:48 base_plugin] 文章推荐 initialized.
[2026-10-07 14:25:42,551] INFO [djangoblog.plugin_manage.loader.load_plugins:29 loader] Successfully loaded plugin: article_recommendation - 文章推荐
[2026-10-07 14:25:42,551] INFO [djangoblog.plugin_manage.loader.load_plugins:29 loader] Successfully loaded plugin: article_recommendation - 文章推荐
[2026-10-07 14:25:42,553] INFO [plugins.cloudflare_cache.plugin.init_plugin:68 plugin] Initializing Cloudflare 缓存管理 v1.0.0
[2026-10-07 14:25:42,553] ERROR [plugins.cloudflare_cache.plugin._validate_config:104 plugin] [CF Plugin] CLOUDFLARE_ZONE_ID not configured
[2026-10-07 14:25:42,553] INFO [plugins.cloudflare_cache.plugin._validate_config:105 plugin] [CF Plugin] Please set environment variable: CLOUDFLARE_ZONE_ID
[2026-10-07 14:25:42,553] WARNING [plugins.cloudflare_cache.plugin.init_plugin:80 plugin] [CF Plugin] Plugin disabled due to invalid configuration
[2026-10-07 14:25:42,553] INFO [plugins.cloudflare_cache.plugin.register_hooks:184 plugin] [CF Plugin] Plugin is disabled, skipping hook registration
[2026-10-07 14:25:42,553] INFO [djangoblog.plugin_manage.loader.load_plugins:29 loader] Successfully loaded plugin: cloudflare_cache - Cloudflare 缓存管理
[2026-10-07 14:25:42,553] INFO [djangoblog.plugin_manage.loader.load_plugins:29 loader] Successfully loaded plugin: cloudflare_cache - Cloudflare 缓存管理
[2026-10-07 14:25:42,574] INFO [django.utils.autoreload.run_with_reloader:667 autoreload] Watching for file changes with StatReloader
[2026-10-07 14:33:42,537] INFO [djangoblog.mixins.get_queryset_from_cache:213 mixins] Cache HIT: index_1
[2026-10-07 14:33:42,537] INFO [djangoblog.mixins.get_queryset_from_cache:213 mixins] Cache HIT: index_1
[2026-10-07 14:33:42,543] INFO [blog.templatetags.vite_tags.load_manifest:50 vite_tags] ✅ Vite manifest loaded from: E:\projects\DjangoBlog-master\DjangoBlog-master\blog/static/blog/dist/.vite/manifest.json
[2026-10-07 14:33:43,078] WARNING [django.request.log_response:253 log] Not Found: /favicon.ico
[2026-10-07 14:33:58,793] INFO [djangoblog.mixins.get_queryset_from_cache:218 mixins] Cache MISS: archives
[2026-10-07 14:33:58,793] INFO [djangoblog.mixins.get_queryset_from_cache:218 mixins] Cache MISS: archives
[2026-10-07 14:33:58,809] INFO [blog.templatetags.vite_tags.load_manifest:50 vite_tags] ✅ Vite manifest loaded from: E:\projects\DjangoBlog-master\DjangoBlog-master\blog/static/blog/dist/.vite/manifest.json
[2026-10-07 14:33:58,818] INFO [blog.templatetags.blog_tags.load_sidebar:262 blog_tags] load sidebar
[2026-10-07 14:33:58,832] INFO [blog.templatetags.blog_tags.load_sidebar:321 blog_tags] set sidebar cache.key:sidebari
[2026-10-07 14:34:00,630] INFO [djangoblog.mixins.get_queryset_from_cache:213 mixins] Cache HIT: index_1
[2026-10-07 14:34:00,630] INFO [djangoblog.mixins.get_queryset_from_cache:213 mixins] Cache HIT: index_1
[2026-10-07 14:34:00,631] INFO [blog.templatetags.vite_tags.load_manifest:50 vite_tags] ✅ Vite manifest loaded from: E:\projects\DjangoBlog-master\DjangoBlog-master\blog/static/blog/dist/.vite/manifest.json
[2026-10-07 15:09:45,831] INFO [djangoblog.mixins.get_queryset_from_cache:213 mixins] Cache HIT: index_1
[2026-10-07 15:09:45,831] INFO [djangoblog.mixins.get_queryset_from_cache:213 mixins] Cache HIT: index_1
[2026-10-07 15:09:45,838] INFO [blog.templatetags.vite_tags.load_manifest:50 vite_tags] ✅ Vite manifest loaded from: E:\projects\DjangoBlog-master\DjangoBlog-master\blog/static/blog/dist/.vite/manifest.json
